C51 COMPILER V9.51   LAB3_2                                                                05/10/2022 13:06:14 PAGE 1   


C51 COMPILER V9.51, COMPILATION OF MODULE LAB3_2
OBJECT MODULE PLACED IN lab3_2.OBJ
COMPILER INVOKED BY: C:\Keil\C51\BIN\C51.EXE lab3_2.c OMF2 BROWSE DEBUG TABS(2)

line level    source

   1          #include <REGX52.H>
   2          
   3          #define Dioda P0_0
   4          #define Zapal 0
   5          #define Zgas 1
   6          
   7          #define Warunek (Key_3&Key_2&Key_1)==0
   8          
   9          unsigned char code Tab[] = {0x7F,0xBF,0xDF,0xEF};
  10          unsigned char bdata Key;
  11          sbit Key_3 = Key^3;
  12          sbit Key_2 = Key^2;
  13          sbit Key_1 = Key^1;
  14          
  15          void Delay(void)
  16          {
  17   1         unsigned char data x,y;
  18   1         for(x=0;x<200;x++)
  19   1            {
  20   2               for(y=0;y<200;y++) {;}
  21   2            }
  22   1      }
  23          
  24          void main(void)
  25          {
  26   1         unsigned char data index = 0;
  27   1         unsigned char data index2 = 0;
  28   1         bit Zezwalaj = 1;
  29   1         unsigned char i = 0;
  30   1         
  31   1         while(1)
  32   1         {
  33   2              P2 = Tab[index];
  34   2              Key = P2;
  35   2              if (Warunek)
  36   2              { 
  37   3                if (Zezwalaj == 1)
  38   3                {
  39   4                  if(Key_1 == 0) index2 = 3;
  40   4                  else if(Key_2 == 0) index2 = 2;
  41   4                  else if(Key_3 == 0) index2 = 1;
  42   4                  for(i = 4; i > index; i--)
  43   4                  {
  44   5                    Dioda = Zapal; Delay(); Dioda = Zgas; Delay();
  45   5                  }
  46   4                  Delay(); Delay();
  47   4                  for(i = 0; i < index2; i++)
  48   4                  {
  49   5                    Dioda = Zapal; Delay(); Dioda = Zgas; Delay();
  50   5                  }
  51   4                  Zezwalaj = 0;
  52   4                }
  53   3              }
  54   2              else
  55   2              {
C51 COMPILER V9.51   LAB3_2                                                                05/10/2022 13:06:14 PAGE 2   

  56   3                  if (index<3) {index++;}
  57   3                  else {index = 0;}
  58   3                  Zezwalaj = 1;
  59   3              }
  60   2          }
  61   1      }


MODULE INFORMATION:   STATIC OVERLAYABLE
   CODE SIZE        =    117    ----
   CONSTANT SIZE    =      4    ----
   XDATA SIZE       =   ----    ----
   PDATA SIZE       =   ----    ----
   DATA SIZE        =      1    ----
   IDATA SIZE       =   ----    ----
   BIT SIZE         =   ----       1
   EDATA SIZE       =   ----    ----
   HDATA SIZE       =   ----    ----
   XDATA CONST SIZE =   ----    ----
   FAR CONST SIZE   =   ----    ----
END OF MODULE INFORMATION.


C51 COMPILATION COMPLETE.  0 WARNING(S),  0 ERROR(S)
